applib.c:699:6:MapChar2Index	48	static
applib.c:56:7:PubChar2Long	16	static
applib.c:118:7:PubAsc2Long	24	static
applib.c:134:6:PubLong2Char	12	static
applib.c:144:6:setCustomizedFont	48	static
applib.c:177:5:GetPanFromTrack2	64	static
applib.c:220:6:PubShowTitle	24	static
applib.c:288:7:PubKeyPressed	8	static
applib.c:294:7:PubWaitKey	8	static
applib.c:465:6:PubDispString	104	static
applib.c:979:12:prepare_screen_text	224	static
applib.c:262:7:LibDefault_DispLeftRightString	8	static
applib.c:528:7:PubGetString	624	static
applib.c:721:6:PubBcd2Asc	12	static
applib.c:741:6:PubBcd2Asc0	16	static
applib.c:95:7:PubBcd2Long	48	static
applib.c:753:6:PubTrimTailChars	16	static
applib.c:773:5:PubExtractPAN	16	static
applib.c:790:6:PubAsc2Bcd	32	static
applib.c:81:6:PubLong2Bcd	80	static
applib.c:829:5:SelectMenu	80	static
applib.c:935:6:PubShowMsg	24	static
applib.c:960:6:PubShowTwoMsg	16	static
applib.c:1167:5:PubSmartMenuEx	176	static
applib.c:1497:6:PubSmInit	8	static
applib.c:1526:6:PubSmMask	24	static
applib.c:1555:7:PubYesNo	8	static
applib.c:1577:6:PubDes	24	static
applib.c:1627:6:PubCalcMac	40	static
applib.c:1666:6:PubCalcLRC	8	static
applib.c:1689:6:PubLongBeep	0	static
applib.c:1695:6:PubBeepOk	8	static
applib.c:1707:6:PubBeepErr	8	static
applib.c:1719:6:DispAssert	56	static
