clssproc.c:197:13:AppSetAppType	40	static
clssproc.c:360:13:AppSetTransPath	40	static
clssproc.c:352:13:SetFinalSelectAID	8	static
clssproc.c:1059:13:Inter_DisplayMsg	8	static
clssproc.c:966:12:AppSetClss_capk	304	static
clssproc.c:997:12:AppSetClss_RevLst	32	static
clssproc.c:440:12:SetDETData	280	static
clssproc.c:460:13:InitPaymentData	16	static
clssproc.c:1119:13:AppRemovePicc	16	static
clssproc.c:1953:12:AppTransProc_MC	5296	static
clssproc.c:2460:12:2	320	static
clssproc.c:413:13:3	24	static
clssproc.c:633:8:App_GetFirstTLV	24	static
clssproc.c:692:7:AppGetTagLen	16	static
clssproc.c:716:16:App_SearchTLV	40	static
clssproc.c:763:12:AppSaveTransDataOutput_MC	1056	static
clssproc.c:628:5:ClssSendTransDataOutput_MC	0	static
clssproc.c:1393:6:LoadClssTLVFromFS	4408	static
clssproc.c:1617:13:ClssTermParamSet_MC	352	static
clssproc.c:2502:5:ClssDetectTapCard	24	static
clssproc.c:2421:5:ClssCompleteTrans	40	static
clssproc.c:2570:5:ClssStartTransaction	3304	static
