clssxmlfileop.c:3635:12:FindNodePositonInFile	2096	static
clssxmlfileop.c:3621:12:FindFunctionIndex	24	static
clssxmlfileop.c:3367:12:ClssOheterConfGetCountryCodevalue	1040	static
clssxmlfileop.c:3383:12:ClssOheterConfGetCurrencyCodevalue	1040	static
clssxmlfileop.c:3399:12:ClssOheterConfGetReferenceCurrencyCodevalue	1040	static
clssxmlfileop.c:3448:12:ClssOheterConfGetReferenceCurrenceConverRatevalue	1040	static
clssxmlfileop.c:3464:12:ClssOheterConfGetMerchantCategoryCodevalue	1040	static
clssxmlfileop.c:3134:12:PayWaveTermCapGetTermTypevalue	1040	static
clssxmlfileop.c:3150:12:PayWaveTermCapGetCardDataInputvalue	1040	static
clssxmlfileop.c:3167:12:PayWaveTermCapGetCVMSupportvalue	1040	static
clssxmlfileop.c:3184:12:PayWaveTermCapGetOffDataAuthvalue	1040	static
clssxmlfileop.c:3200:12:PayWaveTermCapGetTransTypeCapavalue	1040	static
clssxmlfileop.c:3217:12:PayWaveTermCapGetTermInputvalue	1040	static
clssxmlfileop.c:3233:12:PayWaveTermCapGetTermOutputvalue	1040	static
clssxmlfileop.c:3252:12:ParsePayWaveTermCapChildNode	16	static
clssxmlfileop.c:2789:12:PayWaveGetProgramIdValue	1040	static
clssxmlfileop.c:2929:12:PayWaveProgramIdGetContactlessFloorLimitSupportedValue	1040	static
clssxmlfileop.c:2996:12:PayWaveProgramIdGetReaderTTQValue	1040	static
clssxmlfileop.c:2504:12:PayWaveGetApplicationIDValue	1040	static
clssxmlfileop.c:2555:12:PayWaveGetTerminalAIDVersionValue	1040	static
clssxmlfileop.c:2621:12:PayWaveGetReaderTTQValue	1040	static
clssxmlfileop.c:2173:12:PayWaveGetTransactionTypeValue	1040	static
clssxmlfileop.c:1818:12:PaypassGetKernelConfValue	1040	static
clssxmlfileop.c:1834:12:PaypassGetTornLeftTimeValue	1040	static
clssxmlfileop.c:1867:12:PaypassGetMagneticCVMValue	1040	static
clssxmlfileop.c:1883:12:PaypassGetMageticNoCVMValue	1040	static
clssxmlfileop.c:1900:12:PaypassGetMobileSupportValue	1040	static
clssxmlfileop.c:1916:12:PaypassGetCardDataInputValue	1040	static
clssxmlfileop.c:1932:12:PaypassGetCVMCapability_CVMRequiredValue	1040	static
clssxmlfileop.c:1948:12:PaypassGetCVMCapability_NoCVMRequiredValue	1040	static
clssxmlfileop.c:1965:12:PaypassGetTerminalTypeValue	1040	static
clssxmlfileop.c:1981:12:PaypassGetAccoutTypeValue	1040	static
clssxmlfileop.c:1997:12:PaypassGetAdditionalTerminalCapabilityValue	1040	static
clssxmlfileop.c:2013:12:PaypassGetKernelIDValue	1040	static
clssxmlfileop.c:2030:12:PaypassGetSecurityCapabilityValue	1040	static
clssxmlfileop.c:1457:12:PaypassGetApplicationIDValue	1040	static
clssxmlfileop.c:1507:12:PaypassGetTerminalAIDVersionValue	1040	static
clssxmlfileop.c:1523:12:PaypassMagneticApplicationVersionNumberValue	1040	static
clssxmlfileop.c:1539:12:PaypassGetTACDenialValue	1040	static
clssxmlfileop.c:1555:12:PaypassGetTACOnlineValue	1040	static
clssxmlfileop.c:1571:12:PaypassGetTACDefaultValue	1040	static
clssxmlfileop.c:1587:12:PaypassGetTerminalRiskValue	1040	static
clssxmlfileop.c:1603:12:PaypassGetContactlessCVMLimitValue	1040	static
clssxmlfileop.c:1619:12:PaypassGetContactlessTransactionLimit_NoOnDeviceValue	1040	static
clssxmlfileop.c:1635:12:PaypassGetContactlessTransactionLimit_OnDeviceValue	1040	static
clssxmlfileop.c:3415:12:ClssOheterConfGetCurrencyExponentValue	1040	static
clssxmlfileop.c:3432:12:ClssOheterConfGetReferenceCurrencyExponentValue	1040	static
clssxmlfileop.c:2878:12:PayWaveProgramIdGetTerminalFloorLimitSupportedValue	1040	static
clssxmlfileop.c:2896:12:PayWaveProgramIdGetContactlessTransactionLimitSupportedValue	1040	static
clssxmlfileop.c:2913:12:PayWaveProgramIdGetCVMLimitSupportedValue	1040	static
clssxmlfileop.c:2946:12:PayWaveProgramIdGetCryptogramVersion17SupportedValue	1040	static
clssxmlfileop.c:2962:12:PayWaveProgramIdGetZeroAmountNoAllowedValue	1040	static
clssxmlfileop.c:2978:12:PayWaveProgramIdGetStatusCheckSupportedValue	1040	static
clssxmlfileop.c:2488:12:PayWaveGetPartialSelectionValue	1040	static
clssxmlfileop.c:2522:12:PayWaveGetIfUseLocalAIDNameValue	1040	static
clssxmlfileop.c:2571:12:PayWaveGetCryptogramVersion17SupportedValue	1040	static
clssxmlfileop.c:2587:12:PayWaveGetZeroAmountNoAllowedValue	1040	static
clssxmlfileop.c:2604:12:PayWaveGetStatusCheckSupportedValue	1040	static
clssxmlfileop.c:2258:12:PayWaveGetTerminalFloorLimitSupportedValue	1040	static
clssxmlfileop.c:2274:12:PayWaveGetContactlessTransactionLimitSupportedValue	1040	static
clssxmlfileop.c:2290:12:PayWaveGetCVMLimitSupportedValue	1040	static
clssxmlfileop.c:2306:12:PayWaveGetContactlessFloorLimitSupportedValue	1040	static
clssxmlfileop.c:1851:12:PaypassGetMaximumTornNumberValue	1040	static
clssxmlfileop.c:2046:12:ParsePayPassConfChildNode	16	static
clssxmlfileop.c:1442:12:PaypassGetPartialSelectionValue	1040	static
clssxmlfileop.c:1475:12:PaypassGetIfUseLocalAIDNameValue	1040	static
clssxmlfileop.c:1651:12:PaypassGetContactlessFloorLimitValue	1040	static
clssxmlfileop.c:3480:12:ClssOheterConfGetMerchantIDValue	1040	static
clssxmlfileop.c:3497:12:ClssOheterConfGetTerminalIDValue	1040	static
clssxmlfileop.c:3515:12:ClssOheterConfGetMerchantNameValue	1040	static
clssxmlfileop.c:3532:12:ClssOheterConfGetMerchantLocalAddressValue	1040	static
clssxmlfileop.c:3551:12:ParseClssOhterConfChildNode	16	static
clssxmlfileop.c:2539:12:PayWaveGetLocalAIDNameValue	1040	static
clssxmlfileop.c:1491:12:PaypassGetLocalAIDNameValue	1040	static
clssxmlfileop.c:1667:12:ParsePayPassAidChildNode	16	static
clssxmlfileop.c:2807:12:PayWaveProgramIdGetTerminalFloorLimitValue	1040	static
clssxmlfileop.c:2825:12:PayWaveProgramIdGetContactlessCVMLimitValue	1040	static
clssxmlfileop.c:2843:12:PayWaveProgramIdGetContactlessTransactionLimitValue	1040	static
clssxmlfileop.c:2861:12:PayWaveProgramIdGetContactlessFloorLimitValue	1040	static
clssxmlfileop.c:3013:12:ParsePayWaveProgramIdChildNode	24	static
clssxmlfileop.c:2189:12:PayWaveGetTerminalFloorLimitValue	1040	static
clssxmlfileop.c:2206:12:PayWaveGetContactlessCVMLimitValue	1040	static
clssxmlfileop.c:2223:12:PayWaveGetContactlessTransactionLimitValue	1040	static
clssxmlfileop.c:2240:12:PayWaveGetContactlessFloorLimitValue	1040	static
clssxmlfileop.c:2637:12:ParsePayWaveAidChildNode	24	static
clssxmlfileop.c:48:12:2	24	static
clssxmlfileop.c:1053:12:PrintNodeStruct	32	static
clssxmlfileop.c:3737:12:ParseList	3968	static
clssxmlfileop.c:66:12:3	24	static
clssxmlfileop.c:134:5:ClssGetNodeNum	416	static
clssxmlfileop.c:161:5:GetPayPassAidData	432	static
clssxmlfileop.c:309:5:GetPayPassConfData	432	static
clssxmlfileop.c:456:5:GetPayWaveAidData	432	static
clssxmlfileop.c:618:5:GetPayWaveProgramIdData	432	static
clssxmlfileop.c:765:5:GetPayWaveTermCapData	432	static
clssxmlfileop.c:906:5:GetClssOtherCofData	432	static
clssxmlfileop.c:4418:5:ParseClssFile	48	static
