comm.c:33:15:RetToString	0	static
comm.c:773:12:SaveCommParam	32	static
comm.c:421:13:SleepCounterReset	16	static
comm.c:52:6:showMessage	8	static
comm.c:61:6:InitUsbCom	8	static
comm.c:79:7:ComDebugTx	2072	static
comm.c:119:8:GetCommand	0	static
comm.c:597:5:DisConnect	16	static
comm.c:638:5:CheckPhysicConnectStatus	16	static
comm.c:677:5:isFindFileDownLoadCmd	0	static
comm.c:698:5:SetCompatiblaMode	8	static
comm.c:713:5:ReadCommParam	16	static
comm.c:838:6:CommTypeSelect	8	static
comm.c:885:5:MainMenu	96	static
comm.c:918:6:InitComm	8	static
comm.c:957:6:CommDispString	104	static
comm.c:1018:6:ComPoseInfoMsg	64	static
comm.c:583:5:Connect	8	static
comm.c:242:5:HandleRequest	80	static
comm.c:449:5:Processor	48	static
