emvapi.c:63:6:LongToStr_emv	0	static
emvapi.c:76:6:OneTwo_emv	16	static
emvapi.c:109:6:TwoOne_emv	20	static
emvapi.c:138:17:StringSum_emv	96	static
emvapi.c:196:16:SearchTLV_emv	28	static
emvapi.c:256:5:EMVGetDebugInfo	8	static
emvapi.c:266:5:EMVGetAPICalledLog	8	static
emvapi.c:280:5:SetAPICalledLog_emv	0	static
emvapi.c:292:5:CheckAPICalled_emv	8	static
emvapi.c:306:5:InitAPICalledLog_emv	8	static
emvapi.c:313:5:EMVCoreInit	8	static
emvapi.c:321:6:EMVGetParameter	328	static
emvapi.c:351:6:EMVSetParameter	328	static
emvapi.c:384:5:EMVGetTLVData	16	static
emvapi.c:399:5:EMVSetTLVData	16	static
emvapi.c:414:5:EMVGetScriptResult	16	static
emvapi.c:424:5:EMVAddApp	0	static
emvapi.c:441:5:EMVGetApp	40	static
emvapi.c:466:5:EMVDelAllApp	8	static
emvapi.c:473:6:EMVModFinalAppPara	576	static
emvapi.c:502:6:EMVGetFinalAppPara	584	static
emvapi.c:538:6:EMVGetLabelList	1696	static
emvapi.c:571:5:EMVAddCAPK	8	static
emvapi.c:584:6:EMVGetCAPK	304	static
emvapi.c:600:6:EMVDelAllCAPK	8	static
emvapi.c:607:6:EMVAddRevocList	32	static
emvapi.c:630:6:EMVDelAllRevocList	8	static
emvapi.c:637:5:SaveAmtToEMVII_emv	112	static
emvapi.c:745:5:InputAmt_emv	56	static
emvapi.c:785:6:ConvCandList_emv	16	static
emvapi.c:796:6:EMVAppSelectForLog	3672	static
emvapi.c:860:5:EMVAppSelect	3968	static
emvapi.c:986:5:EMVReadAppData	8	static
emvapi.c:1006:5:EMVCardAuth	8	static
emvapi.c:1187:5:EMVCompleteTrans	120	static
emvapi.c:1203:5:ReadLogRecord	312	static
emvapi.c:1214:5:GetLogItem	12	static
emvapi.c:1223:5:EMVReadSingleLoadLog	312	static
emvapi.c:1234:5:EMVGetSingleLoadLogItem	12	static
emvapi.c:1243:5:EMVReadAllLoadLogs	0	static
emvapi.c:1253:5:EMVGetLogData	0	static
emvapi.c:1263:5:EMVGetCardECBalance	0	static
emvapi.c:1273:5:EMVSetTmECParam	16	static
emvapi.c:1290:5:EMVSetMCKParam	328	static
emvapi.c:1320:5:EMVGetMCKParam	336	static
emvapi.c:1012:5:HolderVerify_emv	112	static
emvapi.c:1128:6:EMVStartTrans	72	static
emvapi.c:1350:5:EMVReadVerInfo	8	static
emvapi.c:1361:6:EMVSetConfigFlag	328	static
emvapi.c:1381:6:EMVSetScriptProcMethod	328	static
emvapi.c:1394:6:EMVInitTLVData	8	static
emvapi.c:1400:5:EMVSwitchClss	24	static
emvapi.c:1412:5:EMVSetAmount	16	static
emvapi.c:1423:5:EMVGetParamFlag	16	static
emvapi.c:1434:5:EMVSetPCIModeParam	8	static
emvapi.c:1459:5:EMVClearTransLog	8	static
emvapi.c:1466:6:EMVSetAutoRunFlag	0	static
emvapi.c:1471:5:EMVGetVerifyICCStatus	0	static
